** Drc report for pcb1.kicad_pcb **
** Created on 2026-08-14T06:34:27 **
** Report includes: Errors, Warnings, Exclusions **

** Found 55 DRC violations **
[courtyards_overlap]: Courtyards overlap
    Rule: ограничение настроек области установки; error
    @(96.8756 mm, 76.2000 mm): Footprint Q1
    @(92.7100 mm, 73.6600 mm): Footprint REF**
[pth_inside_courtyard]: PTH inside courtyard
    Local override; error
    @(96.8756 mm, 76.2000 mm): PTH pad 1 [Net-(Q1-G)] of Q1
    @(92.7100 mm, 73.6600 mm): Footprint REF**
[pth_inside_courtyard]: PTH inside courtyard
    Local override; error
    @(96.8756 mm, 73.6600 mm): PTH pad 2 [/load-] of Q1
    @(92.7100 mm, 73.6600 mm): Footprint REF**
[pth_inside_courtyard]: PTH inside courtyard
    Local override; error
    @(96.8756 mm, 71.1200 mm): PTH pad 3 [Net-(Q1-S)] of Q1
    @(92.7100 mm, 73.6600 mm): Footprint REF**
[track_dangling]: Track has unconnected end
    Local override; warning
    @(68.5800 mm, 73.6600 mm): Track [/load-] on F.Cu, length 2.5400 mm
[isolated_copper]: Isolated copper fill
    Local override; warning
    @(42.1640 mm, 34.0360 mm): Zone 'A_1' [<no net>] on F.Cu, priority 0
[silk_overlap]: Silkscreen clearance
    Rule: ограничения настроек платы; warning
    @(63.6600 mm, 43.0250 mm): Segment of C1 on F.Silkscreen
    @(63.5800 mm, 78.4050 mm): Reference field of C2
[silk_overlap]: Silkscreen clearance
    Rule: ограничения настроек платы; warning
    @(63.5800 mm, 78.4050 mm): Reference field of C2
    @(63.7000 mm, 43.0250 mm): Segment of C1 on F.Silkscreen
[silk_overlap]: Silkscreen clearance
    Rule: ограничения настроек платы; warning
    @(63.7400 mm, 43.0260 mm): Segment of C1 on F.Silkscreen
    @(63.5800 mm, 78.4050 mm): Reference field of C2
[silk_overlap]: Silkscreen clearance
    Rule: ограничения настроек платы; warning
    @(63.5800 mm, 78.4050 mm): Reference field of C2
    @(63.7800 mm, 43.0260 mm): Segment of C1 on F.Silkscreen
[silk_overlap]: Silkscreen clearance
    Rule: ограничения настроек платы; warning
    @(63.5800 mm, 78.4050 mm): Reference field of C2
    @(63.8200 mm, 43.0270 mm): Segment of C1 on F.Silkscreen
[silk_overlap]: Silkscreen clearance
    Rule: ограничения настроек платы; warning
    @(63.5800 mm, 78.4050 mm): Reference field of C2
    @(63.8600 mm, 43.0270 mm): Segment of C1 on F.Silkscreen
[silk_overlap]: Silkscreen clearance
    Rule: ограничения настроек платы; warning
    @(63.5800 mm, 78.4050 mm): Reference field of C2
    @(63.9000 mm, 43.0280 mm): Segment of C1 on F.Silkscreen
[silk_overlap]: Silkscreen clearance
    Rule: ограничения настроек платы; warning
    @(63.5800 mm, 78.4050 mm): Reference field of C2
    @(63.9400 mm, 43.0290 mm): Segment of C1 on F.Silkscreen
[silk_overlap]: Silkscreen clearance
    Rule: ограничения настроек платы; warning
    @(63.5800 mm, 78.4050 mm): Reference field of C2
    @(63.9800 mm, 43.0300 mm): Segment of C1 on F.Silkscreen
[silk_overlap]: Silkscreen clearance
    Rule: ограничения настроек платы; warning
    @(64.0200 mm, 43.0300 mm): Segment of C1 on F.Silkscreen
    @(63.5800 mm, 78.4050 mm): Reference field of C2
[silk_overlap]: Silkscreen clearance
    Rule: ограничения настроек платы; warning
    @(64.0600 mm, 43.0320 mm): Segment of C1 on F.Silkscreen
    @(63.5800 mm, 78.4050 mm): Reference field of C2
[silk_overlap]: Silkscreen clearance
    Rule: ограничения настроек платы; warning
    @(63.5800 mm, 78.4050 mm): Reference field of C2
    @(64.1000 mm, 43.0330 mm): Segment of C1 on F.Silkscreen
[silk_overlap]: Silkscreen clearance
    Rule: ограничения настроек платы; warning
    @(63.5800 mm, 78.4050 mm): Reference field of C2
    @(64.1400 mm, 43.0340 mm): Segment of C1 on F.Silkscreen
[silk_overlap]: Silkscreen clearance
    Rule: ограничения настроек платы; warning
    @(63.5800 mm, 78.4050 mm): Reference field of C2
    @(64.1800 mm, 43.0350 mm): Segment of C1 on F.Silkscreen
[silk_overlap]: Silkscreen clearance
    Rule: ограничения настроек платы; warning
    @(63.5800 mm, 78.4050 mm): Reference field of C2
    @(64.2200 mm, 43.0370 mm): Segment of C1 on F.Silkscreen
[silk_overlap]: Silkscreen clearance
    Rule: ограничения настроек платы; warning
    @(64.2600 mm, 43.0380 mm): Segment of C1 on F.Silkscreen
    @(63.5800 mm, 78.4050 mm): Reference field of C2
[silk_overlap]: Silkscreen clearance
    Rule: ограничения настроек платы; warning
    @(64.3000 mm, 43.0400 mm): Segment of C1 on F.Silkscreen
    @(63.5800 mm, 78.4050 mm): Reference field of C2
[silk_overlap]: Silkscreen clearance
    Rule: ограничения настроек платы; warning
    @(64.3400 mm, 43.0410 mm): Segment of C1 on F.Silkscreen
    @(63.5800 mm, 78.4050 mm): Reference field of C2
[silk_overlap]: Silkscreen clearance
    Rule: ограничения настроек платы; warning
    @(64.3800 mm, 43.0430 mm): Segment of C1 on F.Silkscreen
    @(63.5800 mm, 78.4050 mm): Reference field of C2
[silk_overlap]: Silkscreen clearance
    Rule: ограничения настроек платы; warning
    @(64.4200 mm, 43.0450 mm): Segment of C1 on F.Silkscreen
    @(63.5800 mm, 78.4050 mm): Reference field of C2
[silk_overlap]: Silkscreen clearance
    Rule: ограничения настроек платы; warning
    @(64.4600 mm, 43.0470 mm): Segment of C1 on F.Silkscreen
    @(63.5800 mm, 78.4050 mm): Reference field of C2
[silk_overlap]: Silkscreen clearance
    Rule: ограничения настроек платы; warning
    @(64.5000 mm, 43.0490 mm): Segment of C1 on F.Silkscreen
    @(63.5800 mm, 78.4050 mm): Reference field of C2
[silk_overlap]: Silkscreen clearance
    Rule: ограничения настроек платы; warning
    @(63.5800 mm, 60.6050 mm): Circle of C1 on F.Silkscreen
    @(63.5800 mm, 78.4050 mm): Reference field of C2
[silk_overlap]: Silkscreen clearance
    Rule: ограничения настроек платы; warning
    @(64.4600 mm, 79.5970 mm): Segment of C2 on F.Silkscreen
    @(63.5800 mm, 114.9550 mm): Reference field of C3
[silk_overlap]: Silkscreen clearance
    Rule: ограничения настроек платы; warning
    @(63.5800 mm, 114.9550 mm): Reference field of C3
    @(64.5000 mm, 79.5990 mm): Segment of C2 on F.Silkscreen
[silk_overlap]: Silkscreen clearance
    Rule: ограничения настроек платы; warning
    @(63.6200 mm, 79.5750 mm): Segment of C2 on F.Silkscreen
    @(63.5800 mm, 114.9550 mm): Reference field of C3
[silk_overlap]: Silkscreen clearance
    Rule: ограничения настроек платы; warning
    @(63.5800 mm, 114.9550 mm): Reference field of C3
    @(63.5800 mm, 97.1550 mm): Circle of C2 on F.Silkscreen
[silk_overlap]: Silkscreen clearance
    Rule: ограничения настроек платы; warning
    @(63.5800 mm, 114.9550 mm): Reference field of C3
    @(63.6600 mm, 79.5750 mm): Segment of C2 on F.Silkscreen
[silk_overlap]: Silkscreen clearance
    Rule: ограничения настроек платы; warning
    @(63.7000 mm, 79.5750 mm): Segment of C2 on F.Silkscreen
    @(63.5800 mm, 114.9550 mm): Reference field of C3
[silk_overlap]: Silkscreen clearance
    Rule: ограничения настроек платы; warning
    @(63.7400 mm, 79.5760 mm): Segment of C2 on F.Silkscreen
    @(63.5800 mm, 114.9550 mm): Reference field of C3
[silk_overlap]: Silkscreen clearance
    Rule: ограничения настроек платы; warning
    @(63.5800 mm, 114.9550 mm): Reference field of C3
    @(63.7800 mm, 79.5760 mm): Segment of C2 on F.Silkscreen
[silk_overlap]: Silkscreen clearance
    Rule: ограничения настроек платы; warning
    @(63.8200 mm, 79.5770 mm): Segment of C2 on F.Silkscreen
    @(63.5800 mm, 114.9550 mm): Reference field of C3
[silk_overlap]: Silkscreen clearance
    Rule: ограничения настроек платы; warning
    @(63.5800 mm, 114.9550 mm): Reference field of C3
    @(63.8600 mm, 79.5770 mm): Segment of C2 on F.Silkscreen
[silk_overlap]: Silkscreen clearance
    Rule: ограничения настроек платы; warning
    @(63.5800 mm, 114.9550 mm): Reference field of C3
    @(63.9000 mm, 79.5780 mm): Segment of C2 on F.Silkscreen
[silk_overlap]: Silkscreen clearance
    Rule: ограничения настроек платы; warning
    @(63.9400 mm, 79.5790 mm): Segment of C2 on F.Silkscreen
    @(63.5800 mm, 114.9550 mm): Reference field of C3
[silk_overlap]: Silkscreen clearance
    Rule: ограничения настроек платы; warning
    @(63.5800 mm, 114.9550 mm): Reference field of C3
    @(63.9800 mm, 79.5800 mm): Segment of C2 on F.Silkscreen
[silk_overlap]: Silkscreen clearance
    Rule: ограничения настроек платы; warning
    @(63.5800 mm, 114.9550 mm): Reference field of C3
    @(64.0200 mm, 79.5800 mm): Segment of C2 on F.Silkscreen
[silk_overlap]: Silkscreen clearance
    Rule: ограничения настроек платы; warning
    @(64.0600 mm, 79.5820 mm): Segment of C2 on F.Silkscreen
    @(63.5800 mm, 114.9550 mm): Reference field of C3
[silk_overlap]: Silkscreen clearance
    Rule: ограничения настроек платы; warning
    @(63.5800 mm, 114.9550 mm): Reference field of C3
    @(64.1000 mm, 79.5830 mm): Segment of C2 on F.Silkscreen
[silk_overlap]: Silkscreen clearance
    Rule: ограничения настроек платы; warning
    @(64.1400 mm, 79.5840 mm): Segment of C2 on F.Silkscreen
    @(63.5800 mm, 114.9550 mm): Reference field of C3
[silk_overlap]: Silkscreen clearance
    Rule: ограничения настроек платы; warning
    @(64.1800 mm, 79.5850 mm): Segment of C2 on F.Silkscreen
    @(63.5800 mm, 114.9550 mm): Reference field of C3
[silk_overlap]: Silkscreen clearance
    Rule: ограничения настроек платы; warning
    @(64.2200 mm, 79.5870 mm): Segment of C2 on F.Silkscreen
    @(63.5800 mm, 114.9550 mm): Reference field of C3
[silk_overlap]: Silkscreen clearance
    Rule: ограничения настроек платы; warning
    @(64.2600 mm, 79.5880 mm): Segment of C2 on F.Silkscreen
    @(63.5800 mm, 114.9550 mm): Reference field of C3
[silk_overlap]: Silkscreen clearance
    Rule: ограничения настроек платы; warning
    @(63.5800 mm, 114.9550 mm): Reference field of C3
    @(64.3000 mm, 79.5900 mm): Segment of C2 on F.Silkscreen
[silk_overlap]: Silkscreen clearance
    Rule: ограничения настроек платы; warning
    @(64.3400 mm, 79.5910 mm): Segment of C2 on F.Silkscreen
    @(63.5800 mm, 114.9550 mm): Reference field of C3
[silk_overlap]: Silkscreen clearance
    Rule: ограничения настроек платы; warning
    @(64.3800 mm, 79.5930 mm): Segment of C2 on F.Silkscreen
    @(63.5800 mm, 114.9550 mm): Reference field of C3
[silk_overlap]: Silkscreen clearance
    Rule: ограничения настроек платы; warning
    @(64.4200 mm, 79.5950 mm): Segment of C2 on F.Silkscreen
    @(63.5800 mm, 114.9550 mm): Reference field of C3
[silk_over_copper]: Silkscreen clipped by solder mask
    Local override; warning
    @(88.6700 mm, 51.4350 mm): Segment of RSense1 on F.Silkscreen
    @(87.6300 mm, 51.4350 mm): PTH pad 1 [Net-(Q1-S)] of RSense1
[silk_over_copper]: Silkscreen clipped by solder mask
    Local override; warning
    @(96.7500 mm, 51.4350 mm): Segment of RSense1 on F.Silkscreen
    @(97.7900 mm, 51.4350 mm): PTH pad 2 [GND] of RSense1

** Found 0 unconnected pads **

** Found 0 Footprint errors **

** Ignored checks **
    - Footprint has no courtyard defined
    - Track endpoint not centered on via
    - Tuning profile track geometries
    - Footprint doesn't match symbol's footprint filters
    - Footprint component type doesn't match footprint pads

** End of Report **
