** Drc report for pcb1.kicad_pcb **
** Created on 2026-08-14T22:44:19 **
** Report includes: Errors, Warnings **

** Found 7 DRC violations **
[courtyards_overlap]: Courtyards overlap
    Rule: ограничение настроек области установки; error
    @(94.6651 mm, 82.1100 mm): Footprint Q1
    @(90.4995 mm, 79.5700 mm): Footprint REF**
[pth_inside_courtyard]: PTH inside courtyard
    Local override; error
    @(94.6651 mm, 82.1100 mm): PTH pad 1 [Net-(Q1-G)] of Q1
    @(90.4995 mm, 79.5700 mm): Footprint REF**
[pth_inside_courtyard]: PTH inside courtyard
    Local override; error
    @(94.6651 mm, 79.5700 mm): PTH pad 2 [/load-] of Q1
    @(90.4995 mm, 79.5700 mm): Footprint REF**
[pth_inside_courtyard]: PTH inside courtyard
    Local override; error
    @(94.6651 mm, 77.0300 mm): PTH pad 3 [Net-(Q1-S)] of Q1
    @(90.4995 mm, 79.5700 mm): Footprint REF**
[isolated_copper]: Isolated copper fill
    Local override; warning
    @(40.0000 mm, 40.0000 mm): Zone [<no net>] on F.Cu, priority 0
[silk_over_copper]: Silkscreen clipped by solder mask
    Local override; warning
    @(94.5395 mm, 57.3450 mm): Segment of RSense1 on F.Silkscreen
    @(95.5795 mm, 57.3450 mm): PTH pad 2 [GND] of RSense1
[silk_over_copper]: Silkscreen clipped by solder mask
    Local override; warning
    @(86.4595 mm, 57.3450 mm): Segment of RSense1 on F.Silkscreen
    @(85.4195 mm, 57.3450 mm): PTH pad 1 [Net-(Q1-S)] of RSense1

** Found 0 unconnected pads **

** Found 0 Footprint errors **

** Ignored checks **
    - Footprint has no courtyard defined
    - Track endpoint not centered on via
    - Tuning profile track geometries
    - Footprint doesn't match symbol's footprint filters
    - Footprint component type doesn't match footprint pads

** End of Report **
